################################################################################
#                                                                              #
#      IAR Universal Linker V5.7.0.39                                          #
#                                                                              #
#           Link time     =  02/Jun/2019  00:14:23                             #
#           Target CPU    =  x51                                               #
#           List file     =  D:\ZbNode\Proj\ZbNode\ide\Release\List\ZbNode-v3. #
#                            0-g91fac5a0-190525.map                            #
#           Output file 1 =  D:\ZbNode\Proj\ZbNode\ide\Release\Exe\ZbNode-v3.0 #
#                            -g91fac5a0-190525.hex                             #
#                            Format: intel-extended                            #
#           Output file 2 =  D:\ZbNode\Proj\ZbNode\ide\Release\Exe\ZbNode-v3.0 #
#                            -g91fac5a0-190525.sim                             #
#                            Format: simple-code                               #
#           Command line  =  "-IC:\Program Files (x86)\IAR Systems\Embedded Wo #
#                            rkbench 6.5\8051\CONFIG\"                         #
#                            -D_NR_OF_BANKS=0x07 -D_CODEBANK_END=0xFFFF        #
#                            -D_CODEBANK_START=0x8000 -D?CBANK_MASK=0xFF       #
#                            -D?CBANK=0x9F                                     #
#                            D:\ZbNode\Proj\ZbNode\ide\Release\Obj\Application #
#                            .r51                                              #
#                            D:\ZbNode\Proj\ZbNode\ide\Release\Obj\BC95.r51    #
#                            D:\ZbNode\Proj\ZbNode\ide\Release\Obj\BosMem.r51  #
#                            D:\ZbNode\Proj\ZbNode\ide\Release\Obj\att7053bu.r #
#                            51                                                #
#                            D:\ZbNode\Proj\ZbNode\ide\Release\Obj\attribute.r #
#                            51                                                #
#                            D:\ZbNode\Proj\ZbNode\ide\Release\Obj\board.r51   #
#                            D:\ZbNode\Proj\ZbNode\ide\Release\Obj\chipcon_cst #
#                            artup.r51                                         #
#                            D:\ZbNode\Proj\ZbNode\ide\Release\Obj\crc.r51     #
#                            D:\ZbNode\Proj\ZbNode\ide\Release\Obj\gpioSpi.r51 #
#                            D:\ZbNode\Proj\ZbNode\ide\Release\Obj\hal_clock.r #
#                            51                                                #
#                            D:\ZbNode\Proj\ZbNode\ide\Release\Obj\hal_flash.r #
#                            51                                                #
#                            D:\ZbNode\Proj\ZbNode\ide\Release\Obj\hal_mcu.r51 #
#                            D:\ZbNode\Proj\ZbNode\ide\Release\Obj\hal_pwm.r51 #
#                            D:\ZbNode\Proj\ZbNode\ide\Release\Obj\hal_rf.r51  #
#                            D:\ZbNode\Proj\ZbNode\ide\Release\Obj\hal_startup #
#                            .r51                                              #
#                            D:\ZbNode\Proj\ZbNode\ide\Release\Obj\hal_time.r5 #
#                            1                                                 #
#                            D:\ZbNode\Proj\ZbNode\ide\Release\Obj\hal_uart.r5 #
#                            1                                                 #
#                            D:\ZbNode\Proj\ZbNode\ide\Release\Obj\kernel.r51  #
#                            D:\ZbNode\Proj\ZbNode\ide\Release\Obj\list.r51    #
#                            D:\ZbNode\Proj\ZbNode\ide\Release\Obj\netMngr.r51 #
#                            D:\ZbNode\Proj\ZbNode\ide\Release\Obj\nvram.r51   #
#                            D:\ZbNode\Proj\ZbNode\ide\Release\Obj\sMac.r51    #
#                            D:\ZbNode\Proj\ZbNode\ide\Release\Obj\sNwk.r51    #
#                            D:\ZbNode\Proj\ZbNode\ide\Release\Obj\startup.r51 #
#                            D:\ZbNode\Proj\ZbNode\ide\Release\Obj\sysTask.r51 #
#                            D:\ZbNode\Proj\ZbNode\ide\Release\Obj\sysTimer.r5 #
#                            1                                                 #
#                            D:\ZbNode\Proj\ZbNode\ide\Release\Obj\upgrade.r51 #
#                            D:\ZbNode\Proj\ZbNode\ide\Release\Obj\ush_cmd.r51 #
#                            D:\ZbNode\Proj\ZbNode\ide\Release\Obj\ushell.r51  #
#                            -o                                                #
#                            D:\ZbNode\Proj\ZbNode\ide\Release\Exe\ZbNode-v3.0 #
#                            -g91fac5a0-190525.hex                             #
#                            -Fintel-extended -l                               #
#                            D:\ZbNode\Proj\ZbNode\ide\Release\List\ZbNode-v3. #
#                            0-g91fac5a0-190525.map                            #
#                            -xms                                              #
#                            "-IC:\Program Files (x86)\IAR Systems\Embedded Wo #
#                            rkbench 6.5\8051\LIB\"                            #
#                            -f                                                #
#                            D:\ZbNode\Proj\ZbNode\ide/../../../Tools/ota.xcl  #
#                            (-D_XDATA_START=0x0001 -D_XDATA_END=0x1EFF        #
#                            -D_IDATA_END=0xFF -D_CODE_START=0x2000            #
#                            -D_CODE_END=0x7FFF -D_FIRST_BANK_ADDR=0x10000     #
#                            -D?REGISTER_BANK=0 -D_REGISTER_BANK_START=0       #
#                            -D?PBANK_NUMBER=00 -D_BREG_START=0x00             #
#                            -D?VB=0x20 -Z(BIT)BREG=_BREG_START                #
#                            -Z(BIT)BIT_N=0-7F                                 #
#                            -Z(DATA)REGISTERS+8=_REGISTER_BANK_START          #
#                            -Z(DATA)BDATA_Z,BDATA_N,BDATA_I=20-2F             #
#                            -Z(DATA)VREG=08-7F -Z(DATA)PSP,XSP=08-7F          #
#                            -Z(DATA)DOVERLAY=08-7F                            #
#                            -Z(DATA)DATA_I,DATA_Z,DATA_N=08-7F                #
#                            -U(IDATA)0-7F=(DATA)0-7F                          #
#                            -Z(IDATA)IDATA_I,IDATA_Z,IDATA_N=08-_IDATA_END    #
#                            -Z(IDATA)ISTACK+_IDATA_STACK_SIZE#08-_IDATA_END   #
#                            -Z(IDATA)IOVERLAY=08-FF                           #
#                            -Z(CODE)INTVEC=_CODE_START                        #
#                            -Z(CODE)CHECKSUM=0x2090-0x2091                    #
#                            -Z(CODE)CRC_SHDW=0x2092-0x2093                    #
#                            -Z(CODE)BIT_ID,BDATA_ID,DATA_ID,IDATA_ID,IXDATA_I #
#                            D,PDATA_ID,PDATA_Z,XDATA_ID=_CODE_START-_CODE_END #
#                            -P(CODE)CSTART,BANK_RELAYS,RCODE,DIFUNCT,NEAR_COD #
#                            E=_CODE_START-_CODE_END                           #
#                            -P(CODE)CODE_C=_CODE_START-_CODE_END              #
#                            -P(CONST)XDATA_ROM_C=0x8000-0xFFFF                #
#                            -P(CODE)XDATA_ROM_C_FLASH=0x18000-0x1FFFF         #
#                            -QXDATA_ROM_C=XDATA_ROM_C_FLASH                   #
#                            -P(CODE)BANKED_CODE=_CODE_START-_CODE_END,0x18000 #
#                            -0x1FFFF,0x28000-0x2FFFF,0x38000-0x3FFFF,0x48000- #
#                            0x4FFFF,0x58000-0x5FFFF,0x68000-0x6FFFF,0x78000-0 #
#                            x7C7FF                                            #
#                            -Z(XDATA)XSTACK+_XDATA_STACK_SIZE=_XDATA_START-_X #
#                            DATA_END                                          #
#                            -Z(XDATA)XDATA_Z,XDATA_I=_XDATA_START-_XDATA_END  #
#                            -P(XDATA)XDATA_N=_XDATA_START-_XDATA_END -cx51    #
#                            -M(CODE)[(_CODEBANK_START+_FIRST_BANK_ADDR)-(_COD #
#                            EBANK_END+_FIRST_BANK_ADDR)]*_NR_OF_BANKS+_FIRST_ #
#                            BANK_ADDR=0x8000                                  #
#                            -ww69=i                                           #
#                            -D_ZIGNV_ADDRESS_SPACE_START=(((_NR_OF_BANKS+1)*_ #
#                            FIRST_BANK_ADDR)-0x3800)                          #
#                            -D_ZIGNV_ADDRESS_SPACE_END=(_ZIGNV_ADDRESS_SPACE_ #
#                            START+0x2FFF)                                     #
#                            -Z(CODE)ZIGNV_ADDRESS_SPACE=_ZIGNV_ADDRESS_SPACE_ #
#                            START-_ZIGNV_ADDRESS_SPACE_END                    #
#                            -D_LOCK_BITS_ADDRESS_SPACE_START=(((_NR_OF_BANKS+ #
#                            1)*_FIRST_BANK_ADDR)-0x10)                        #
#                            -D_LOCK_BITS_ADDRESS_SPACE_END=(_LOCK_BITS_ADDRES #
#                            S_SPACE_START+0x0F)                               #
#                            -Z(CODE)LOCK_BITS_ADDRESS_SPACE=_LOCK_BITS_ADDRES #
#                            S_SPACE_START-_LOCK_BITS_ADDRESS_SPACE_END        #
#                            -D_IEEE_ADDRESS_SPACE_START=(_LOCK_BITS_ADDRESS_S #
#                            PACE_START-0x08)                                  #
#                            -D_IEEE_ADDRESS_SPACE_END=(_IEEE_ADDRESS_SPACE_ST #
#                            ART+0x07)                                         #
#                            -Z(CODE)IEEE_ADDRESS_SPACE=_IEEE_ADDRESS_SPACE_ST #
#                            ART-_IEEE_ADDRESS_SPACE_END                       #
#                            -D_DEV_PRIVATE_KEY_ADDRESS_SPACE_START=(_IEEE_ADD #
#                            RESS_SPACE_START-0x16)                            #
#                            -D_DEV_PRIVATE_KEY_ADDRESS_SPACE_END=(_DEV_PRIVAT #
#                            E_KEY_ADDRESS_SPACE_START+0x15)                   #
#                            -Z(CODE)DEV_PRIVATE_KEY_ADDRESS_SPACE=_DEV_PRIVAT #
#                            E_KEY_ADDRESS_SPACE_START-_DEV_PRIVATE_KEY_ADDRES #
#                            S_SPACE_END                                       #
#                            -D_CA_PUBLIC_KEY_ADDRESS_SPACE_START=(_DEV_PRIVAT #
#                            E_KEY_ADDRESS_SPACE_START-0x16)                   #
#                            -D_CA_PUBLIC_KEY_ADDRESS_SPACE_END=(_CA_PUBLIC_KE #
#                            Y_ADDRESS_SPACE_START+0x15)                       #
#                            -Z(CODE)CA_PUBLIC_KEY_ADDRESS_SPACE=_CA_PUBLIC_KE #
#                            Y_ADDRESS_SPACE_START-_CA_PUBLIC_KEY_ADDRESS_SPAC #
#                            E_END                                             #
#                            -D_IMPLICIT_CERTIFICATE_ADDRESS_SPACE_START=(_CA_ #
#                            PUBLIC_KEY_ADDRESS_SPACE_START-0x30)              #
#                            -D_IMPLICIT_CERTIFICATE_ADDRESS_SPACE_END=(_IMPLI #
#                            CIT_CERTIFICATE_ADDRESS_SPACE_START+0x2F)         #
#                            -Z(CODE)IMPLICIT_CERTIFICATE_ADDRESS_SPACE=_IMPLI #
#                            CIT_CERTIFICATE_ADDRESS_SPACE_START-_IMPLICIT_CER #
#                            TIFICATE_ADDRESS_SPACE_END                        #
#                            -D_RESERVED_ADDRESS_SPACE_START=(_IMPLICIT_CERTIF #
#                            ICATE_ADDRESS_SPACE_START-0x78C)                  #
#                            -D_RESERVED_ADDRESS_SPACE_END=(_RESERVED_ADDRESS_ #
#                            SPACE_START+0x78B)                                #
#                            -Z(CODE)RESERVED_ADDRESS_SPACE=_RESERVED_ADDRESS_ #
#                            SPACE_START-_RESERVED_ADDRESS_SPACE_END           #
#                            -J2,crc16,=2000-208F,2094-7C7FF -HFFFF)           #
#                            -D_NR_OF_VIRTUAL_REGISTERS=8 -D?PBANK=0x93        #
#                            -e?BCALL_FF=?BCALL -e?BRET_FF=?BRET               #
#                            -e?BDISPATCH_FF=?BDISPATCH                        #
#                            -e_large_write=_formatted_write                   #
#                            -Osimple-code=D:\ZbNode\Proj\ZbNode\ide\Release\E #
#                            xe\ZbNode-v3.0-g91fac5a0-190525.sim               #
#                            -s __program_start                                #
#                            "C:\Program Files (x86)\IAR Systems\Embedded Work #
#                            bench 6.5\8051\LIB\CLIB\cl-pli-blxd-1e16x01.r51"  #
#                            -D_IDATA_STACK_SIZE=0x40 -D?ESP=0 -D?ESP_MASK=0   #
#                            -D_EXTENDED_STACK_START=0                         #
#                            -D_EXTENDED_STACK_SIZE=0                          #
#                            -D_PDATA_STACK_SIZE=0x80                          #
#                            -D_XDATA_STACK_SIZE=0x300                         #
#                            -D_XDATA_HEAP_SIZE=0x0 -D_FAR_HEAP_SIZE=0x0       #
#                            -D_HUGE_HEAP_SIZE=0x0 -D_FAR22_HEAP_SIZE=0x0      #
#                                                                              #
#                           Copyright (C) 1987-2013 IAR Systems AB.            #
################################################################################





                ****************************************
                *                                      *
                *           CROSS REFERENCE            *
                *                                      *
                ****************************************

       Program entry at : CODE      00002F6D  Relocatable, from module : CSTARTUP




                ****************************************
                *                                      *
                *            RUNTIME MODEL             *
                *                                      *
                ****************************************

  __SystemLibrary          = CLib
  __calling_convention     = xdata_reentrant
  __code_model             = banked
  __core                   = plain
  __data_model             = large
  __dptr_size              = 16
  __extended_stack         = disabled
  __location_for_constants = data
  __number_of_dptrs        = 1
  __rt_version             = 1

                ****************************************
                *                                      *
                *    AUTOMATIC SYMBOL REDIRECTIONS     *
                *                                      *
                ****************************************

                  There are no automatic symbol redirections.



                ****************************************
                *                                      *
                *              MODULE MAP              *
                *                                      *
                ****************************************


  DEFINED ABSOLUTE ENTRIES
  PROGRAM MODULE, NAME : ?ABS_ENTRY_MOD

Absolute parts
           ENTRY                   ADDRESS         REF BY
           =====                   =======         ======
           _FAR22_HEAP_SIZE        00000000 
           _HUGE_HEAP_SIZE         00000000 
           _FAR_HEAP_SIZE          00000000 
           _XDATA_HEAP_SIZE        00000000 
           _XDATA_STACK_SIZE       00000300 
           _PDATA_STACK_SIZE       00000080 
           _EXTENDED_STACK_SIZE    00000000 
           _EXTENDED_STACK_START   00000000 
           ?ESP_MASK               00000000 
           ?ESP                    00000000 
           _IDATA_STACK_SIZE       00000040 
           ?PBANK                  00000093 
           _NR_OF_VIRTUAL_REGISTERS
                                   00000008 
           _RESERVED_ADDRESS_SPACE_END
                                   0003FF8B 
           _RESERVED_ADDRESS_SPACE_START
                                   0003F800 
           _IMPLICIT_CERTIFICATE_ADDRESS_SPACE_END
                                   0003FFBB 
           _IMPLICIT_CERTIFICATE_ADDRESS_SPACE_START
                                   0003FF8C 
           _CA_PUBLIC_KEY_ADDRESS_SPACE_END
                                   0003FFD1 
           _CA_PUBLIC_KEY_ADDRESS_SPACE_START
                                   0003FFBC 
           _DEV_PRIVATE_KEY_ADDRESS_SPACE_END
                                   0003FFE7 
           _DEV_PRIVATE_KEY_ADDRESS_SPACE_START
                                   0003FFD2 
           _IEEE_ADDRESS_SPACE_END
                                   0003FFEF 
           _IEEE_ADDRESS_SPACE_START
                                   0003FFE8 
           _LOCK_BITS_ADDRESS_SPACE_END
                                   0003FFFF 
           _LOCK_BITS_ADDRESS_SPACE_START
                                   0003FFF0 
           _ZIGNV_ADDRESS_SPACE_END
                                   0003F7FF 
           _ZIGNV_ADDRESS_SPACE_START
                                   0003C800 
           ?VB                     00000020        ?BANKED_ENTER_XDATA (?BANKED_ENTER_XDATA)
                                                   ?BANKED_LEAVE_XDATA (?BANKED_LEAVE_XDATA)
                                                   ?INTERRUPT_ENTER_XSP (?INTERRUPT_ENTER_XSP)
                                                   ?INTERRUPT_LEAVE_XSP (?INTERRUPT_LEAVE_XSP)
           _BREG_START             00000000 
           ?PBANK_NUMBER           00000000 
           _REGISTER_BANK_START    00000000 
           ?REGISTER_BANK          00000000        Segment part 6 (CSTARTUP)
           _FIRST_BANK_ADDR        00010000 
           _CODE_END               00007FFF 
           _CODE_START             00002000 
           _IDATA_END              000000FF 
           _XDATA_END              00001EFF 
           _XDATA_START            00000001 
           ?CBANK                  0000009F        Segment part 0 (?BANKED_CODE_SUPPORT)
           ?CBANK_MASK             000000FF 
           _CODEBANK_START         00008000 
           _CODEBANK_END           0000FFFF 
           _NR_OF_BANKS            00000007 
    *************************************************************************

  FILE NAME : D:\ZbNode\Proj\ZbNode\ide\Release\Obj\Application.r51
  PROGRAM MODULE, NAME : Application

  SEGMENTS IN THE MODULE
  ======================
SFR_AN
  Relative segment, address: DATA 00000080 - 00000080 (0x1 bytes), align: 0
  Segment part 1. ROOT.       Intra module refs:   ApplicationInit
                                                   BC95InitAT (BC95)
                                                   halSpiBufRead (gpioSpi)
                                                   halSpiBufWrite (gpioSpi)
                                                   halSpiInit (gpioSpi)
                                                   halSpiTranceive (gpioSpi)
           ENTRY                   ADDRESS         REF BY
           =====                   =======         ======
           _A_P0                   00000080 
           LOCAL                   ADDRESS         
           =====                   =======         
           P0                      00000080 
    -------------------------------------------------------------------------
SFR_AN
  Relative segment, address: DATA 000000F3 - 000000F3 (0x1 bytes), align: 0
  Segment part 2. ROOT.       Intra module refs:   ApplicationInit
                                                   BC95InitAT (BC95)
                                                   halSpiBufRead (gpioSpi)
                                                   halSpiBufWrite (gpioSpi)
                                                   halSpiInit (gpioSpi)
                                                   halSpiTranceive (gpioSpi)
           ENTRY                   ADDRESS         REF BY
           =====                   =======         ======
           P0SEL                   000000F3 
    -------------------------------------------------------------------------
SFR_AN
  Relative segment, address: DATA 000000FD - 000000FD (0x1 bytes), align: 0
  Segment part 3. ROOT.       Intra module refs:   ApplicationInit
                                                   BC95InitAT (BC95)
                                                   halSpiBufRead (gpioSpi)
                                                   halSpiBufWrite (gpioSpi)
                                                   halSpiInit (gpioSpi)
                                                   halSpiTranceive (gpioSpi)
           ENTRY                   ADDRESS         REF BY
           =====                   =======         ======
           P0DIR                   000000FD 
    -------------------------------------------------------------------------
XDATA_Z
  Relative segment, address: XDATA 00000301 - 00000301 (0x1 bytes), align: 0
  Segment part 11.            Intra module refs:   AppTask
           ENTRY                   ADDRESS         REF BY
           =====                   =======         ======
           LampPower               00000301 
    -------------------------------------------------------------------------
XDATA_Z
  Relative segment, address: XDATA 00000302 - 00000381 (0x80 bytes), align: 0
  Segment part 12.            Intra module refs:   AppTask
           ENTRY                   ADDRESS         REF BY
           =====                   =======         ======
           rxBuf                   00000302 
    -------------------------------------------------------------------------
XDATA_Z
  Relative segment, address: XDATA 00000382 - 00000383 (0x2 bytes), align: 0
  Segment part 14.            Intra module refs:   AppTask
           LOCAL                   ADDRESS         
           =====                   =======         
           MySeq                   00000382 
    -------------------------------------------------------------------------
XDATA_Z
  Relative segment, address: XDATA 00000384 - 00000384 (0x1 bytes), align: 0
  Segment part 15.            Intra module refs:   AppTask
                                                   ApplicationInit
           LOCAL                   ADDRESS         
           =====                   =======         
           heartBeatTimerId        00000384 
    -------------------------------------------------------------------------
<BANKED_CODE,BANK_RELAYS..> 1 (was BANKED_CODE)
  Relative segment, address: CODE 00007C72 - 00007C79 (0x8 bytes), align: 0
  Segment part 21.            Intra module refs:   heartBeatTimeOutCallBack::?relay
           LOCAL                   ADDRESS         
           =====                   =======         
           heartBeatTimeOutCallBack
                                   00007C72 
               calls direct, is indirectly called
               ISTACK = 00000000 ( 00000002 )
    -------------------------------------------------------------------------
<BANKED_CODE,BANK_RELAYS..> 1 (was BANKED_CODE)
  Relative segment, address: CODE 00007C7A - 00007C80 (0x7 bytes), align: 0
  Segment part 25.            Intra module refs:   heartBeatTimeOutCallBack
                                                   netDataIndication
           LOCAL                   ADDRESS         
           =====                   =======         
           ?Subroutine0            00007C7A 
    -------------------------------------------------------------------------
<BANKED_CODE,BANK_RELAYS..> 1 (was BANKED_CODE)
  Relative segment, address: CODE 00007C81 - 00007C87 (0x7 bytes), align: 0
  Segment part 26.            Intra module refs:   ?Subroutine0
                                                   ApplicationInit
    -------------------------------------------------------------------------
<BANKED_CODE,BANK_RELAYS..> 1 (was BANKED_CODE)
  Relative segment, address: CODE 00007C88 - 00007CD5 (0x4e bytes), align: 0
  Segment part 27.            Intra module refs:   ApplicationInit::?relay
           ENTRY                   ADDRESS         REF BY
           =====                   =======         ======
           ApplicationInit         00007C88 
               calls direct
               XSTACK = 00000000 ( 00000004 )
               ISTACK = 00000000 ( 00000002 )
    -------------------------------------------------------------------------
<BANKED_CODE,BANK_RELAYS..> 1 (was BANKED_CODE)
  Relative segment, address: CODE 00007CD6 - 00007F30 (0x25b bytes), align: 0
  Segment part 29.            Intra module refs:   AppTask::?relay
           ENTRY                   ADDRESS         REF BY
           =====                   =======         ======
           AppTask                 00007CD6 
               calls direct
               XSTACK = 00000000 ( 0000001A )
               ISTACK = 00000000 ( 00000001 )
    -------------------------------------------------------------------------
<BANKED_CODE,BANK_RELAYS..> 1 (was BANKED_CODE)
  Relative segment, address: CODE 00007F31 - 00007F3D (0xd bytes), align: 0
  Segment part 31.            Intra module refs:   AppTask
           LOCAL                   ADDRESS         
           =====                   =======         
           ?Subroutine4            00007F31 
    -------------------------------------------------------------------------
<BANKED_CODE,BANK_RELAYS..> 1 (was BANKED_CODE)
  Relative segment, address: CODE 00007F3E - 00007F49 (0xc bytes), align: 0
  Segment part 32.            Intra module refs:   AppTask
           LOCAL                   ADDRESS         
           =====                   =======         
           ?Subroutine3            00007F3E 
    -------------------------------------------------------------------------
<BANKED_CODE,BANK_RELAYS..> 1 (was BANKED_CODE)
  Relative segment, address: CODE 00007F4A - 00007F50 (0x7 bytes), align: 0
  Segment part 33.            Intra module refs:   AppTask
           LOCAL                   ADDRESS         
           =====                   =======         
           ?Subroutine2            00007F4A 
    -------------------------------------------------------------------------
<BANKED_CODE,BANK_RELAYS..> 1 (was BANKED_CODE)
  Relative segment, address: CODE 00007F51 - 00007F65 (0x15 bytes), align: 0
  Segment part 34.            Intra module refs:   ?Subroutine2
                                                   AppTask
           LOCAL                   ADDRESS         
           =====                   =======         
           ?Subroutine5            00007F51 
    -------------------------------------------------------------------------
<BANKED_CODE,BANK_RELAYS..> 1 (was BANKED_CODE)
  Relative segment, address: CODE 00007F66 - 00007F6E (0x9 bytes), align: 0
  Segment part 38.            Intra module refs:   netDataIndication::?relay
           LOCAL                   ADDRESS         
           =====                   =======         
           netDataIndication       00007F66 
               calls direct, is indirectly called
               ISTACK = 00000000 ( 00000002 )
    -------------------------------------------------------------------------
<BANKED_CODE,BANK_RELAYS..> 1 (was BANK_RELAYS)
  Relative segment, address: CODE 000032DB - 000032E0 (0x6 bytes), align: 0
  Segment part 22.            Intra module refs:   AppTask
                                                   ApplicationInit
           LOCAL                   ADDRESS         
           =====                   =======         
           heartBeatTimeOutCallBack::?relay
                                   000032DB 
    -------------------------------------------------------------------------
<BANKED_CODE,BANK_RELAYS..> 1 (was BANK_RELAYS)
  Relative segment, address: CODE 000032D5 - 000032DA (0x6 bytes), align: 0
  Segment part 28.
           ENTRY                   ADDRESS         REF BY
           =====                   =======         ======
           ApplicationInit::?relay
                                   000032D5        main (startup)
    -------------------------------------------------------------------------
<BANKED_CODE,BANK_RELAYS..> 1 (was BANK_RELAYS)
  Relative segment, address: CODE 000032CF - 000032D4 (0x6 bytes), align: 0
  Segment part 30.
           ENTRY                   ADDRESS         REF BY
           =====                   =======         ======
           AppTask::?relay         000032CF        tasksArr (sysTask)
    -------------------------------------------------------------------------
<BANKED_CODE,BANK_RELAYS..> 1 (was BANK_RELAYS)
  Relative segment, address: CODE 000032C9 - 000032CE (0x6 bytes), align: 0
  Segment part 39.            Intra module refs:   ApplicationInit
           LOCAL                   ADDRESS         
           =====                   =======         
           netDataIndication::?relay
                                   000032C9 
    -------------------------------------------------------------------------
<XDATA_ROM_C> 1 (was XDATA_ROM_C)
  Relative segment, address: CONST 000082E0 - 000082E4 (0x5 bytes), align: 0
  Segment part 9.             Intra module refs:   AppTask
    -------------------------------------------------------------------------
<XDATA_ROM_C> 1 (was XDATA_ROM_C)
  Relative segment, address: CONST 000082F1 - 000082F4 (0x4 bytes), align: 0
  Segment part 16.            Intra module refs:   ApplicationInit
           ENTRY                   ADDRESS         REF BY
           =====                   =======         ======
           __Constant_28000        000082F1 
    -------------------------------------------------------------------------
<XDATA_ROM_C> 1 (was XDATA_ROM_C)
  Relative segment, address: CONST 000082ED - 000082F0 (0x4 bytes), align: 0
  Segment part 17.            Intra module refs:   ApplicationInit
           ENTRY                   ADDRESS         REF BY
           =====                   =======         ======
           __Constant_1f4          000082ED 
    -------------------------------------------------------------------------
<XDATA_ROM_C> 1 (was XDATA_ROM_C)
  Relative segment, address: CONST 000082E9 - 000082EC (0x4 bytes), align: 0
  Segment part 18.            Intra module refs:   AppTask
                                                   attributeGet (attribute)
           ENTRY                   ADDRESS         REF BY
           =====                   =======         ======
           __Constant_38806        000082E9 
    -------------------------------------------------------------------------
<XDATA_ROM_C> 1 (was XDATA_ROM_C)
  Relative segment, address: CONST 000082E5 - 000082E8 (0x4 bytes), align: 0
  Segment part 19.            Intra module refs:   AppTask
           ENTRY                   ADDRESS         REF BY
           =====                   =======         ======
           __Constant_1e0000       000082E5 
    -------------------------------------------------------------------------
<BANKED_CODE,XDATA_ROM_C_FLASH> 1 (was XDATA_ROM_C_FLASH)
  Relative segment, address: CODE 000082E0 - 000082E4 (0x5 bytes), align: 0
  Segment part 42.            Intra module refs:   Segment part 9
    -------------------------------------------------------------------------
<BANKED_CODE,XDATA_ROM_C_FLASH> 1 (was XDATA_ROM_C_FLASH)
  Relative segment, address: CODE 000082F1 - 000082F4 (0x4 bytes), align: 0
  Segment part 43.            Intra module refs:   __Constant_28000
    -------------------------------------------------------------------------
<BANKED_CODE,XDATA_ROM_C_FLASH> 1 (was XDATA_ROM_C_FLASH)
  Relative segment, address: CODE 000082ED - 000082F0 (0x4 bytes), align: 0
  Segment part 44.            Intra module refs:   __Constant_1f4
    -------------------------------------------------------------------------
<BANKED_CODE,XDATA_ROM_C_FLASH> 1 (was XDATA_ROM_C_FLASH)
  Relative segment, address: CODE 000082E9 - 000082EC (0x4 bytes), align: 0
  Segment part 45.            Intra module refs:   __Constant_38806
    -------------------------------------------------------------------------
<BANKED_CODE,XDATA_ROM_C_FLASH> 1 (was XDATA_ROM_C_FLASH)
  Relative segment, address: CODE 000082E5 - 000082E8 (0x4 bytes), align: 0
  Segment part 46.            Intra module refs:   __Constant_1e0000

    *************************************************************************

  FILE NAME : D:\ZbNode\Proj\ZbNode\ide\Release\Obj\BC95.r51
  PROGRAM MODULE, NAME : BC95

  SEGMENTS IN THE MODULE
  ======================
<XDATA_ROM_C> 1 (was XDATA_ROM_C)
  Relative segment, address: CONST 00008000 - 000080B3 (0xb4 bytes), align: 0
  Segment part 42.            Intra module refs:   BC95InitAT
           ENTRY                   ADDRESS         REF BY
           =====                   =======         ======
           init_at                 00008000 
    -------------------------------------------------------------------------
<XDATA_ROM_C> 1 (was XDATA_ROM_C)
  Relative segment, address: CONST 0000813F - 00008159 (0x1b bytes), align: 0
  Segment part 43.            Intra module refs:   BC95PollingAT
           ENTRY                   ADDRESS         REF BY
           =====                   =======         ======
           polling_at              0000813F 
    -------------------------------------------------------------------------
XDATA_Z
  Relative segment, address: XDATA 00000385 - 00000388 (0x4 bytes), align: 0
  Segment part 44.            Intra module refs:   BC95InitAT
                                                   BC95PollingAT
           LOCAL                   ADDRESS         
           =====                   =======         
           atdelay                 00000385 
    -------------------------------------------------------------------------
XDATA_Z
  Relative segment, address: XDATA 00000389 - 0000038A (0x2 bytes), align: 0
  Segment part 45.            Intra module refs:   ?Subroutine10
                                                   ?Subroutine4
                                                   BC95InitAT
                                                   BC95PollingAT
           LOCAL                   ADDRESS         
           =====                   =======         
           retry                   00000389 
    -------------------------------------------------------------------------
<BANKED_CODE,BANK_RELAYS..> 1 (was BANKED_CODE)
  Relative segment, address: CODE 00007324 - 00007528 (0x205 bytes), align: 0
  Segment part 59.            Intra module refs:   BC95InitAT::?relay
           ENTRY                   ADDRESS         REF BY
           =====                   =======         ======
           BC95InitAT              00007324 
               calls direct
               XSTACK = 00000000 ( 00000018 )
               ISTACK = 00000000 ( 00000002 )
    -------------------------------------------------------------------------
<BANKED_CODE,BANK_RELAYS..> 1 (was BANKED_CODE)
  Relative segment, address: CODE 00007529 - 00007534 (0xc bytes), align: 0
  Segment part 61.            Intra module refs:   BC95InitAT
           LOCAL                   ADDRESS         
           =====                   =======         
           ?Subroutine13           00007529 
    -------------------------------------------------------------------------
<BANKED_CODE,BANK_RELAYS..> 1 (was BANKED_CODE)
  Relative segment, address: CODE 00007535 - 00007538 (0x4 bytes), align: 0
  Segment part 62.            Intra module refs:   BC95InitAT
           LOCAL                   ADDRESS         
           =====                   =======         
           ?Subroutine5            00007535 
    -------------------------------------------------------------------------
<BANKED_CODE,BANK_RELAYS..> 1 (was BANKED_CODE)
  Relative segment, address: CODE 00007539 - 00007549 (0x11 bytes), align: 0
  Segment part 63.            Intra module refs:   ?Subroutine1
                                                   ?Subroutine5
           LOCAL                   ADDRESS         
           =====                   =======         
           ?Subroutine17           00007539 
    -------------------------------------------------------------------------
XDATA_Z
  Relative segment, address: XDATA 0000038B - 0000038B (0x1 bytes), align: 0
  Segment part 46.            Intra module refs:   ?Subroutine13
                                                   BC95InitAT
           LOCAL                   ADDRESS         
           =====                   =======         
           BC95InitAT::init_step   0000038B 
    -------------------------------------------------------------------------
<BANKED_CODE,BANK_RELAYS..> 1 (was BANKED_CODE)
  Relative segment, address: CODE 0000754A - 0000789A (0x351 bytes), align: 0
  Segment part 64.            Intra module refs:   BC95PollingAT::?relay
           ENTRY                   ADDRESS         REF BY
           =====                   =======         ======
           BC95PollingAT           0000754A 
               calls direct
               XSTACK = 00000000 ( 00000018 )
               ISTACK = 00000000 ( 00000002 )
    -------------------------------------------------------------------------
<BANKED_CODE,BANK_RELAYS..> 1 (was BANKED_CODE)
  Relative segment, address: CODE 0000789B - 000078A4 (0xa bytes), align: 0
  Segment part 66.            Intra module refs:   BC95PollingAT
           LOCAL                   ADDRESS         
           =====                   =======         
           ?Subroutine16           0000789B 
    -------------------------------------------------------------------------
<BANKED_CODE,BANK_RELAYS..> 1 (was BANKED_CODE)
  Relative segment, address: CODE 000078A5 - 000078AF (0xb bytes), align: 0
  Segment part 67.            Intra module refs:   BC95InitAT
                                                   BC95PollingAT
           LOCAL                   ADDRESS         
           =====                   =======         
           ?Subroutine15           000078A5 
    -------------------------------------------------------------------------
<BANKED_CODE,BANK_RELAYS..> 1 (was BANKED_CODE)
  Relative segment, address: CODE 000078B0 - 000078B0 (0x1 bytes), align: 0
  Segment part 68.            Intra module refs:   BC95PollingAT
           LOCAL                   ADDRESS         
           =====                   =======         
           ?Subroutine14           000078B0 
    -------------------------------------------------------------------------
<BANKED_CODE,BANK_RELAYS..> 1 (was BANKED_CODE)
  Relative segment, address: CODE 000078B1 - 000078B8 (0x8 bytes), align: 0
  Segment part 69.            Intra module refs:   ?Subroutine14
                                                   BC95InitAT
                                                   BC95PollingAT
    -------------------------------------------------------------------------
<BANKED_CODE,BANK_RELAYS..> 1 (was BANKED_CODE)
  Relative segment, address: CODE 000078B9 - 000078C3 (0xb bytes), align: 0
  Segment part 70.            Intra module refs:   BC95InitAT
                                                   BC95PollingAT
           LOCAL                   ADDRESS         
           =====                   =======         
           ?Subroutine10           000078B9 
    -------------------------------------------------------------------------
<BANKED_CODE,BANK_RELAYS..> 1 (was BANKED_CODE)
  Relative segment, address: CODE 000078C4 - 000078D7 (0x14 bytes), align: 0
  Segment part 71.            Intra module refs:   BC95PollingAT
           LOCAL                   ADDRESS         
           =====                   =======         
           ?Subroutine9            000078C4 
    -------------------------------------------------------------------------
<BANKED_CODE,BANK_RELAYS..> 1 (was BANKED_CODE)
  Relative segment, address: CODE 000078D8 - 000078E4 (0xd bytes), align: 0
  Segment part 72.            Intra module refs:   BC95PollingAT
           LOCAL                   ADDRESS         
           =====                   =======         
           ?Subroutine8            000078D8 
    -------------------------------------------------------------------------
<BANKED_CODE,BANK_RELAYS..> 1 (was BANKED_CODE)
  Relative segment, address: CODE 000078E5 - 000078FB (0x17 bytes), align: 0
  Segment part 73.            Intra module refs:   BC95PollingAT
           LOCAL                   ADDRESS         
           =====                   =======         
           ?Subroutine4            000078E5 
    -------------------------------------------------------------------------
<BANKED_CODE,BANK_RELAYS..> 1 (was BANKED_CODE)
  Relative segment, address: CODE 000078FC - 00007901 (0x6 bytes), align: 0
  Segment part 74.            Intra module refs:   BC95InitAT
                                                   BC95PollingAT
           LOCAL                   ADDRESS         
           =====                   =======         
           ?Subroutine1            000078FC 
    -------------------------------------------------------------------------
XDATA_Z
  Relative segment, address: XDATA 0000038C - 0000038C (0x1 bytes), align: 0
  Segment part 47.            Intra module refs:   BC95PollingAT
           LOCAL                   ADDRESS         
           =====                   =======         
           BC95PollingAT::polling_step
                                   0000038C 
    -------------------------------------------------------------------------
<BANKED_CODE,BANK_RELAYS..> 1 (was BANKED_CODE)
  Relative segment, address: CODE 00007902 - 00007980 (0x7f bytes), align: 0
  Segment part 75.            Intra module refs:   BC95IoTHeaderAdd::?relay
           ENTRY                   ADDRESS         REF BY
           =====                   =======         ======
           BC95IoTHeaderAdd        00007902 
               calls direct
               XSTACK = 00000002 ( 00000012 )
               ISTACK = 00000000 ( 00000001 )
    -------------------------------------------------------------------------
<BANKED_CODE,BANK_RELAYS..> 1 (was BANKED_CODE)
  Relative segment, address: CODE 00007981 - 00007989 (0x9 bytes), align: 0
  Segment part 77.            Intra module refs:   ?Subroutine17
                                                   BC95IoTHeaderAdd
           LOCAL                   ADDRESS         
           =====                   =======         
           ?Subroutine20           00007981 
    -------------------------------------------------------------------------
<BANKED_CODE,BANK_RELAYS..> 1 (was BANKED_CODE)
  Relative segment, address: CODE 0000798A - 0000798E (0x5 bytes), align: 0
  Segment part 78.            Intra module refs:   BC95InitAT
                                                   BC95PollingAT
           LOCAL                   ADDRESS         
           =====                   =======         
           ?Subroutine0            0000798A 
    -------------------------------------------------------------------------
<BANKED_CODE,BANK_RELAYS..> 1 (was BANKED_CODE)
  Relative segment, address: CODE 0000798F - 00007993 (0x5 bytes), align: 0
  Segment part 79.            Intra module refs:   ?Subroutine0
                                                   BC95IoTHeaderAdd
    -------------------------------------------------------------------------
<BANKED_CODE,BANK_RELAYS..> 1 (was BANKED_CODE)
  Relative segment, address: CODE 00007994 - 00007C1C (0x289 bytes), align: 0
  Segment part 80.            Intra module refs:   BC95RxIndicationSearch::?relay
           ENTRY                   ADDRESS         REF BY
           =====                   =======         ======
           BC95RxIndicationSearch
                                   00007994 
               calls direct
               XSTACK = 00000000 ( 00000010 )
               ISTACK = 00000000 ( 00000001 )
    -------------------------------------------------------------------------
<BANKED_CODE,BANK_RELAYS..> 1 (was BANKED_CODE)
  Relative segment, address: CODE 00007C1D - 00007C29 (0xd bytes), align: 0
  Segment part 82.            Intra module refs:   BC95RxIndicationSearch
           LOCAL                   ADDRESS         
           =====                   =======         
           ?Subroutine12           00007C1D 
    -------------------------------------------------------------------------
<BANKED_CODE,BANK_RELAYS..> 1 (was BANKED_CODE)
  Relative segment, address: CODE 00007C2A - 00007C2C (0x3 bytes), align: 0
  Segment part 83.            Intra module refs:   BC95RxIndicationSearch
           LOCAL                   ADDRESS         
           =====                   =======         
           ?Subroutine11           00007C2A 
    -------------------------------------------------------------------------
<BANKED_CODE,BANK_RELAYS..> 1 (was BANKED_CODE)
  Relative segment, address: CODE 00007C2D - 00007C30 (0x4 bytes), align: 0
  Segment part 84.            Intra module refs:   ?Subroutine11
                                                   BC95PollingAT
                                                   BC95RxIndicationSearch
    -------------------------------------------------------------------------
<BANKED_CODE,BANK_RELAYS..> 1 (was BANKED_CODE)
  Relative segment, address: CODE 00007C31 - 00007C36 (0x6 bytes), align: 0
  Segment part 85.            Intra module refs:   ?Subroutine6
                                                   ?Subroutine8
                                                   Segment part 84
                                                   Segment part 90
           LOCAL                   ADDRESS         
           =====                   =======         
           ?Subroutine18           00007C31 
    -------------------------------------------------------------------------
<BANKED_CODE,BANK_RELAYS..> 1 (was BANKED_CODE)
  Relative segment, address: CODE 00007C37 - 00007C3A (0x4 bytes), align: 0
  Segment part 86.            Intra module refs:   BC95InitAT
                                                   BC95RxIndicationSearch
           LOCAL                   ADDRESS         
           =====                   =======         
           ?Subroutine7            00007C37 
    -------------------------------------------------------------------------
<BANKED_CODE,BANK_RELAYS..> 1 (was BANKED_CODE)
  Relative segment, address: CODE 00007C3B - 00007C44 (0xa bytes), align: 0
  Segment part 87.            Intra module refs:   ?Subroutine4
                                                   ?Subroutine7
           LOCAL                   ADDRESS         
           =====                   =======         
           ?Subroutine19           00007C3B 
    -------------------------------------------------------------------------
<BANKED_CODE,BANK_RELAYS..> 1 (was BANKED_CODE)
  Relative segment, address: CODE 00007C45 - 00007C56 (0x12 bytes), align: 0
  Segment part 88.            Intra module refs:   BC95RxIndicationSearch
           LOCAL                   ADDRESS         
           =====                   =======         
           ?Subroutine6            00007C45 
    -------------------------------------------------------------------------
<BANKED_CODE,BANK_RELAYS..> 1 (was BANKED_CODE)
  Relative segment, address: CODE 00007C57 - 00007C59 (0x3 bytes), align: 0
  Segment part 89.            Intra module refs:   BC95RxIndicationSearch
           LOCAL                   ADDRESS         
           =====                   =======         
           ?Subroutine3            00007C57 
    -------------------------------------------------------------------------
<BANKED_CODE,BANK_RELAYS..> 1 (was BANKED_CODE)
  Relative segment, address: CODE 00007C5A - 00007C5F (0x6 bytes), align: 0
  Segment part 90.            Intra module refs:   ?Subroutine3
                                                   BC95RxIndicationSearch
    -------------------------------------------------------------------------
<BANKED_CODE,BANK_RELAYS..> 1 (was BANKED_CODE)
  Relative segment, address: CODE 00007C60 - 00007C68 (0x9 bytes), align: 0
  Segment part 91.            Intra module refs:   BC95InitAT
                                                   BC95PollingAT
           LOCAL                   ADDRESS         
           =====                   =======         
           ?Subroutine2            00007C60 
    -------------------------------------------------------------------------
<BANKED_CODE,BANK_RELAYS..> 1 (was BANKED_CODE)
  Relative segment, address: CODE 00007C69 - 00007C6B (0x3 bytes), align: 0
  Segment part 92.            Intra module refs:   ?Subroutine2
                                                   BC95InitAT
                                                   BC95PollingAT
    -------------------------------------------------------------------------
<BANKED_CODE,BANK_RELAYS..> 1 (was BANKED_CODE)
  Relative segment, address: CODE 00007C6C - 00007C71 (0x6 bytes), align: 0
  Segment part 93.            Intra module refs:   BC95PollingAT
                                                   BC95RxIndicationSearch
                                                   Segment part 92
    -------------------------------------------------------------------------
XDATA_Z
  Relative segment, address: XDATA 0000038D - 0000038E (0x2 bytes), align: 0
  Segment part 48.            Intra module refs:   ?Subroutine3
                                                   ?Subroutine6
                                                   BC95RxIndicationSearch
           LOCAL                   ADDRESS         
           =====                   =======         
           BC95RxIndicationSearch::qird_cnt
                                   0000038D 
    -------------------------------------------------------------------------
XDATA_Z
  Relative segment, address: XDATA 0000038F - 00000390 (0x2 bytes), align: 0
  Segment part 49.            Intra module refs:   BC95RxIndicationSearch
           LOCAL                   ADDRESS         
           =====                   =======         
           BC95RxIndicationSearch::prx
                                   0000038F 
    -------------------------------------------------------------------------
XDATA_Z
  Relative segment, address: XDATA 00000391 - 00000392 (0x2 bytes), align: 0
  Segment part 50.            Intra module refs:   ?Subroutine11
                                                   BC95RxIndicationSearch
           LOCAL                   ADDRESS         
           =====                   =======         
           BC95RxIndicationSearch::rxLen
                                   00000391 
    -------------------------------------------------------------------------
XDATA_Z
  Relative segment, address: XDATA 00000393 - 00000394 (0x2 bytes), align: 0
  Segment part 51.            Intra module refs:   ?Subroutine12
                                                   BC95RxIndicationSearch
           LOCAL                   ADDRESS         
           =====                   =======         
           BC95RxIndicationSearch::rx_ascii_len
                                   00000393 
    -------------------------------------------------------------------------
<BANKED_CODE,BANK_RELAYS..> 1 (was BANK_RELAYS)
  Relative segment, address: CODE 000032C3 - 000032C8 (0x6 bytes), align: 0
  Segment part 60.
           ENTRY                   ADDRESS         REF BY
           =====                   =======         ======
           BC95InitAT::?relay      000032C3        netMngrTask (netMngr)
    -------------------------------------------------------------------------
<BANKED_CODE,BANK_RELAYS..> 1 (was BANK_RELAYS)
  Relative segment, address: CODE 000032BD - 000032C2 (0x6 bytes), align: 0
  Segment part 65.
           ENTRY                   ADDRESS         REF BY
           =====                   =======         ======
           BC95PollingAT::?relay   000032BD        netMngrTask (netMngr)
    -------------------------------------------------------------------------
<BANKED_CODE,BANK_RELAYS..> 1 (was BANK_RELAYS)
  Relative segment, address: CODE 000032B1 - 000032B6 (0x6 bytes), align: 0
  Segment part 76.
           ENTRY                   ADDRESS         REF BY
           =====                   =======         ======
           BC95IoTHeaderAdd::?relay
                                   000032B1        netSend (netMngr)
    -------------------------------------------------------------------------
<BANKED_CODE,BANK_RELAYS..> 1 (was BANK_RELAYS)
  Relative segment, address: CODE 000032A5 - 000032AA (0x6 bytes), align: 0
  Segment part 81.
           ENTRY                   ADDRESS         REF BY
           =====                   =======         ======
           BC95RxIndicationSearch::?relay
                                   000032A5        netMngrTask (netMngr)
    -------------------------------------------------------------------------
<XDATA_ROM_C> 1 (was XDATA_ROM_C)
  Relative segment, address: CONST 000082DB - 000082DF (0x5 bytes), align: 0
  Segment part 9.             Intra module refs:   init_at
    -------------------------------------------------------------------------
<XDATA_ROM_C> 1 (was XDATA_ROM_C)
  Relative segment, address: CONST 000082D4 - 000082DA (0x7 bytes), align: 0
  Segment part 10.            Intra module refs:   BC95PollingAT
                                                   init_at
                                                   polling_at
    -------------------------------------------------------------------------
<XDATA_ROM_C> 1 (was XDATA_ROM_C)
  Relative segment, address: CONST 00008228 - 00008234 (0xd bytes), align: 0
  Segment part 11.            Intra module refs:   init_at
    -------------------------------------------------------------------------
<XDATA_ROM_C> 1 (was XDATA_ROM_C)
  Relative segment, address: CONST 00008187 - 00008199 (0x13 bytes), align: 0
  Segment part 12.            Intra module refs:   init_at
    -------------------------------------------------------------------------
<XDATA_ROM_C> 1 (was XDATA_ROM_C)
  Relative segment, address: CONST 0000827E - 00008289 (0xc bytes), align: 0
  Segment part 13.            Intra module refs:   init_at
    -------------------------------------------------------------------------
<XDATA_ROM_C> 1 (was XDATA_ROM_C)
  Relative segment, address: CONST 000080B4 - 000080DD (0x2a bytes), align: 0
  Segment part 14.            Intra module refs:   init_at
    -------------------------------------------------------------------------
<XDATA_ROM_C> 1 (was XDATA_ROM_C)
  Relative segment, address: CONST 000080DE - 00008100 (0x23 bytes), align: 0
  Segment part 15.            Intra module refs:   init_at
    -------------------------------------------------------------------------
<XDATA_ROM_C> 1 (was XDATA_ROM_C)
  Relative segment, address: CONST 00008121 - 0000813E (0x1e bytes), align: 0
  Segment part 16.            Intra module refs:   init_at
    -------------------------------------------------------------------------
<XDATA_ROM_C> 1 (was XDATA_ROM_C)
  Relative segment, address: CONST 000082CB - 000082D3 (0x9 bytes), align: 0
  Segment part 17.            Intra module refs:   init_at
    -------------------------------------------------------------------------
<XDATA_ROM_C> 1 (was XDATA_ROM_C)
  Relative segment, address: CONST 000081F2 - 000081FF (0xe bytes), align: 0
  Segment part 18.            Intra module refs:   init_at
    -------------------------------------------------------------------------
<XDATA_ROM_C> 1 (was XDATA_ROM_C)
  Relative segment, address: CONST 0000824E - 00008259 (0xc bytes), align: 0
  Segment part 19.            Intra module refs:   init_at
    -------------------------------------------------------------------------
<XDATA_ROM_C> 1 (was XDATA_ROM_C)
  Relative segment, address: CONST 000081D1 - 000081E1 (0x11 bytes), align: 0
  Segment part 20.            Intra module refs:   init_at
    -------------------------------------------------------------------------
<XDATA_ROM_C> 1 (was XDATA_ROM_C)
  Relative segment, address: CONST 0000828A - 00008295 (0xc bytes), align: 0
  Segment part 21.            Intra module refs:   init_at
    -------------------------------------------------------------------------
<XDATA_ROM_C> 1 (was XDATA_ROM_C)
  Relative segment, address: CONST 000082A1 - 000082AB (0xb bytes), align: 0
  Segment part 22.            Intra module refs:   init_at
    -------------------------------------------------------------------------
<XDATA_ROM_C> 1 (was XDATA_ROM_C)
  Relative segment, address: CONST 000081AD - 000081BE (0x12 bytes), align: 0
  Segment part 23.            Intra module refs:   init_at
    -------------------------------------------------------------------------
<XDATA_ROM_C> 1 (was XDATA_ROM_C)
  Relative segment, address: CONST 0000821B - 00008227 (0xd bytes), align: 0
  Segment part 24.            Intra module refs:   init_at
    -------------------------------------------------------------------------
<XDATA_ROM_C> 1 (was XDATA_ROM_C)
  Relative segment, address: CONST 0000820E - 0000821A (0xd bytes), align: 0
  Segment part 25.            Intra module refs:   init_at
    -------------------------------------------------------------------------
<XDATA_ROM_C> 1 (was XDATA_ROM_C)
  Relative segment, address: CONST 00008266 - 00008271 (0xc bytes), align: 0
  Segment part 26.            Intra module refs:   init_at
    -------------------------------------------------------------------------
<XDATA_ROM_C> 1 (was XDATA_ROM_C)
  Relative segment, address: CONST 000081BF - 000081D0 (0x12 bytes), align: 0
  Segment part 27.            Intra module refs:   init_at
    -------------------------------------------------------------------------
<XDATA_ROM_C> 1 (was XDATA_ROM_C)
  Relative segment, address: CONST 00008235 - 00008241 (0xd bytes), align: 0
  Segment part 28.            Intra module refs:   init_at
    -------------------------------------------------------------------------
<XDATA_ROM_C> 1 (was XDATA_ROM_C)
  Relative segment, address: CONST 000082B7 - 000082C1 (0xb bytes), align: 0
  Segment part 29.            Intra module refs:   init_at
    -------------------------------------------------------------------------
<XDATA_ROM_C> 1 (was XDATA_ROM_C)
  Relative segment, address: CONST 00008101 - 00008120 (0x20 bytes), align: 0
  Segment part 30.            Intra module refs:   init_at
    -------------------------------------------------------------------------
<XDATA_ROM_C> 1 (was XDATA_ROM_C)
  Relative segment, address: CONST 000082C2 - 000082CA (0x9 bytes), align: 0
  Segment part 31.            Intra module refs:   init_at
                                                   polling_at
    -------------------------------------------------------------------------
<XDATA_ROM_C> 1 (was XDATA_ROM_C)
  Relative segment, address: CONST 0000819A - 000081AC (0x13 bytes), align: 0
  Segment part 32.            Intra module refs:   init_at
                                                   polling_at
    -------------------------------------------------------------------------
<XDATA_ROM_C> 1 (was XDATA_ROM_C)
  Relative segment, address: CONST 0000815A - 00008172 (0x19 bytes), align: 0
  Segment part 33.            Intra module refs:   init_at
    -------------------------------------------------------------------------
<XDATA_ROM_C> 1 (was XDATA_ROM_C)
  Relative segment, address: CONST 00008296 - 000082A0 (0xb bytes), align: 0
  Segment part 34.            Intra module refs:   init_at
    -------------------------------------------------------------------------
<XDATA_ROM_C> 1 (was XDATA_ROM_C)
  Relative segment, address: CONST 00008173 - 00008186 (0x14 bytes), align: 0
  Segment part 35.            Intra module refs:   init_at
    -------------------------------------------------------------------------
<XDATA_ROM_C> 1 (was XDATA_ROM_C)
  Relative segment, address: CONST 0000825A - 00008265 (0xc bytes), align: 0
  Segment part 36.            Intra module refs:   init_at
    -------------------------------------------------------------------------
<XDATA_ROM_C> 1 (was XDATA_ROM_C)
  Relative segment, address: CONST 00008272 - 0000827D (0xc bytes), align: 0
  Segment part 37.            Intra module refs:   init_at
    -------------------------------------------------------------------------
<XDATA_ROM_C> 1 (was XDATA_ROM_C)
  Relative segment, address: CONST 000081E2 - 000081F1 (0x10 bytes), align: 0
  Segment part 38.            Intra module refs:   polling_at
    -------------------------------------------------------------------------
<XDATA_ROM_C> 1 (was XDATA_ROM_C)
  Relative segment, address: CONST 000082AC - 000082B6 (0xb bytes), align: 0
  Segment part 39.            Intra module refs:   BC95PollingAT
                                                   polling_at
    -------------------------------------------------------------------------
<XDATA_ROM_C> 1 (was XDATA_ROM_C)
  Relative segment, address: CONST 00008242 - 0000824D (0xc bytes), align: 0
  Segment part 40.            Intra module refs:   BC95PollingAT
    -------------------------------------------------------------------------
<XDATA_ROM_C> 1 (was XDATA_ROM_C)
  Relative segment, address: CONST 00008200 - 0000820D (0xe bytes), align: 0
  Segment part 41.            Intra module refs:   BC95RxIndicationSearch
    -------------------------------------------------------------------------
<XDATA_ROM_C> 1 (was XDATA_ROM_C)
  Relative segment, address: CONST 000082F5 - 000082F8 (0x4 bytes), align: 0
  Segment part 52.            Intra module refs:   BC95InitAT
           ENTRY                   ADDRESS         REF BY
           =====                   =======         ======
           __Constant_e2e          000082F5 
    -------------------------------------------------------------------------
<XDATA_ROM_C> 1 (was XDATA_ROM_C)
  Relative segment, address: CONST 000082F9 - 000082FC (0x4 bytes), align: 0
  Segment part 53.            Intra module refs:   BC95InitAT
                                                   BC95PollingAT
           ENTRY                   ADDRESS         REF BY
           =====                   =======         ======
           __Constant_80000000     000082F9 
    -------------------------------------------------------------------------
<XDATA_ROM_C> 1 (was XDATA_ROM_C)
  Relative segment, address: CONST 000082FD - 00008300 (0x4 bytes), align: 0
  Segment part 54.            Intra module refs:   BC95InitAT
           ENTRY                   ADDRESS         REF BY
           =====                   =======         ======
           __Constant_50000        000082FD 
    -------------------------------------------------------------------------
<XDATA_ROM_C> 1 (was XDATA_ROM_C)
  Relative segment, address: CONST 00008301 - 00008304 (0x4 bytes), align: 0
  Segment part 55.            Intra module refs:   BC95InitAT
           ENTRY                   ADDRESS         REF BY
           =====                   =======         ======
           __Constant_18000        00008301 
    -------------------------------------------------------------------------
<XDATA_ROM_C> 1 (was XDATA_ROM_C)
  Relative segment, address: CONST 00008305 - 00008308 (0x4 bytes), align: 0
  Segment part 56.            Intra module refs:   BC95PollingAT
           ENTRY                   ADDRESS         REF BY
           =====                   =======         ======
           __Constant_f0000        00008305 
    -------------------------------------------------------------------------
<XDATA_ROM_C> 1 (was XDATA_ROM_C)
  Relative segment, address: CONST 00008309 - 0000830C (0x4 bytes), align: 0
  Segment part 57.            Intra module refs:   BC95PollingAT
           ENTRY                   ADDRESS         REF BY
           =====                   =======         ======
           __Constant_10000        00008309 
    -------------------------------------------------------------------------
<XDATA_ROM_C> 1 (was XDATA_ROM_C)
  Relative segment, address: CONST 0000830D - 00008310 (0x4 bytes), align: 0
  Segment part 58.            Intra module refs:   BC95PollingAT
                                                   sMacTask (sMac)
           ENTRY                   ADDRESS         REF BY
           =====                   =======         ======
           __Constant_8000         0000830D 
    -------------------------------------------------------------------------
<BANKED_CODE,XDATA_ROM_C_FLASH> 1 (was XDATA_ROM_C_FLASH)
  Relative segment, address: CODE 00008000 - 000080B3 (0xb4 bytes), align: 0
  Segment part 94.            Intra module refs:   init_at
    -------------------------------------------------------------------------
<BANKED_CODE,XDATA_ROM_C_FLASH> 1 (was XDATA_ROM_C_FLASH)
  Relative segment, address: CODE 0000813F - 00008159 (0x1b bytes), align: 0
  Segment part 95.            Intra module refs:   polling_at
    -------------------------------------------------------------------------
<BANKED_CODE,XDATA_ROM_C_FLASH> 1 (was XDATA_ROM_C_FLASH)
  Relative segment, address: CODE 000082DB - 000082DF (0x5 bytes), align: 0
  Segment part 96.            Intra module refs:   Segment part 9
    -------------------------------------------------------------------------
<BANKED_CODE,XDATA_ROM_C_FLASH> 1 (was XDATA_ROM_C_FLASH)
  Relative segment, address: CODE 000082D4 - 000082DA (0x7 bytes), align: 0
  Segment part 97.            Intra module refs:   Segment part 10
    -------------------------------------------------------------------------
<BANKED_CODE,XDATA_ROM_C_FLASH> 1 (was XDATA_ROM_C_FLASH)
  Relative segment, address: CODE 00008228 - 00008234 (0xd bytes), align: 0
  Segment part 98.            Intra module refs:   Segment part 11
    -------------------------------------------------------------------------
<BANKED_CODE,XDATA_ROM_C_FLASH> 1 (was XDATA_ROM_C_FLASH)
  Relative segment, address: CODE 00008187 - 00008199 (0x13 bytes), align: 0
  Segment part 99.            Intra module refs:   Segment part 12
    -------------------------------------------------------------------------
<BANKED_CODE,XDATA_ROM_C_FLASH> 1 (was XDATA_ROM_C_FLASH)
  Relative segment, address: CODE 0000827E - 00008289 (0xc bytes), align: 0
  Segment part 100.           Intra module refs:   Segment part 13
    -------------------------------------------------------------------------
<BANKED_CODE,XDATA_ROM_C_FLASH> 1 (was XDATA_ROM_C_FLASH)
  Relative segment, address: CODE 000080B4 - 000080DD (0x2a bytes), align: 0
  Segment part 101.           Intra module refs:   Segment part 14
    -------------------------------------------------------------------------
<BANKED_CODE,XDATA_ROM_C_FLASH> 1 (was XDATA_ROM_C_FLASH)
  Relative segment, address: CODE 000080DE - 00008100 (0x23 bytes), align: 0
  Segment part 102.           Intra module refs:   Segment part 15
    -------------------------------------------------------------------------
<BANKED_CODE,XDATA_ROM_C_FLASH> 1 (was XDATA_ROM_C_FLASH)
  Relative segment, address: CODE 00008121 - 0000813E (0x1e bytes), align: 0
  Segment part 103.           Intra module refs:   Segment part 16
    -------------------------------------------------------------------------
<BANKED_CODE,XDATA_ROM_C_FLASH> 1 (was XDATA_ROM_C_FLASH)
  Relative segment, address: CODE 000082CB - 000082D3 (0x9 bytes), align: 0
  Segment part 104.           Intra module refs:   Segment part 17
    -------------------------------------------------------------------------
<BANKED_CODE,XDATA_ROM_C_FLASH> 1 (was XDATA_ROM_C_FLASH)
  Relative segment, address: CODE 000081F2 - 000081FF (0xe bytes), align: 0
  Segment part 105.           Intra module refs:   Segment part 18
    -------------------------------------------------------------------------
<BANKED_CODE,XDATA_ROM_C_FLASH> 1 (was XDATA_ROM_C_FLASH)
  Relative segment, address: CODE 0000824E - 00008259 (0xc bytes), align: 0
  Segment part 106.           Intra module refs:   Segment part 19
    -------------------------------------------------------------------------
<BANKED_CODE,XDATA_ROM_C_FLASH> 1 (was XDATA_ROM_C_FLASH)
  Relative segment, address: CODE 000081D1 - 000081E1 (0x11 bytes), align: 0
  Segment part 107.           Intra module refs:   Segment part 20
    -------------------------------------------------------------------------
<BANKED_CODE,XDATA_ROM_C_FLASH> 1 (was XDATA_ROM_C_FLASH)
  Relative segment, address: CODE 0000828A - 00008295 (0xc bytes), align: 0
  Segment part 108.           Intra module refs:   Segment part 21
    -------------------------------------------------------------------------
<BANKED_CODE,XDATA_ROM_C_FLASH> 1 (was XDATA_ROM_C_FLASH)
  Relative segment, address: CODE 000082A1 - 000082AB (0xb bytes), align: 0
  Segment part 109.           Intra module refs:   Segment part 22
    -------------------------------------------------------------------------
<BANKED_CODE,XDATA_ROM_C_FLASH> 1 (was XDATA_ROM_C_FLASH)
  Relative segment, address: CODE 000081AD - 000081BE (0x12 bytes), align: 0
  Segment part 110.           Intra module refs:   Segment part 23
    -------------------------------------------------------------------------
<BANKED_CODE,XDATA_ROM_C_FLASH> 1 (was XDATA_ROM_C_FLASH)
  Relative segment, address: CODE 0000821B - 00008227 (0xd bytes), align: 0
  Segment part 111.           Intra module refs:   Segment part 24
    -------------------------------------------------------------------------
<BANKED_CODE,XDATA_ROM_C_FLASH> 1 (was XDATA_ROM_C_FLASH)
  Relative segment, address: CODE 0000820E - 0000821A (0xd bytes), align: 0
  Segment part 112.           Intra module refs:   Segment part 25
    -------------------------------------------------------------------------
<BANKED_CODE,XDATA_ROM_C_FLASH> 1 (was XDATA_ROM_C_FLASH)
  Relative segment, address: CODE 00008266 - 00008271 (0xc bytes), align: 0
  Segment part 113.           Intra module refs:   Segment part 26
    -------------------------------------------------------------------------
<BANKED_CODE,XDATA_ROM_C_FLASH> 1 (was XDATA_ROM_C_FLASH)
  Relative segment, address: CODE 000081BF - 000081D0 (0x12 bytes), align: 0
  Segment part 114.           Intra module refs:   Segment part 27
    -------------------------------------------------------------------------
<BANKED_CODE,XDATA_ROM_C_FLASH> 1 (was XDATA_ROM_C_FLASH)
  Relative segment, address: CODE 00008235 - 00008241 (0xd bytes), align: 0
  Segment part 115.           Intra module refs:   Segment part 28
    -------------------------------------------------------------------------
<BANKED_CODE,XDATA_ROM_C_FLASH> 1 (was XDATA_ROM_C_FLASH)
  Relative segment, address: CODE 000082B7 - 000082C1 (0xb bytes), align: 0
  Segment part 116.           Intra module refs:   Segment part 29
    -------------------------------------------------------------------------
<BANKED_CODE,XDATA_ROM_C_FLASH> 1 (was XDATA_ROM_C_FLASH)
  Relative segment, address: CODE 00008101 - 00008120 (0x20 bytes), align: 0
  Segment part 117.           Intra module refs:   Segment part 30
    -------------------------------------------------------------------------
<BANKED_CODE,XDATA_ROM_C_FLASH> 1 (was XDATA_ROM_C_FLASH)
  Relative segment, address: CODE 000082C2 - 000082CA (0x9 bytes), align: 0
  Segment part 118.           Intra module refs:   Segment part 31
    -------------------------------------------------------------------------
<BANKED_CODE,XDATA_ROM_C_FLASH> 1 (was XDATA_ROM_C_FLASH)
  Relative segment, address: CODE 0000819A - 000081AC (0x13 bytes), align: 0
  Segment part 119.           Intra module refs:   Segment part 32
    -------------------------------------------------------------------------
<BANKED_CODE,XDATA_ROM_C_FLASH> 1 (was XDATA_ROM_C_FLASH)
  Relative segment, address: CODE 0000815A - 00008172 (0x19 bytes), align: 0
  Segment part 120.           Intra module refs:   Segment part 33
    -------------------------------------------------------------------------
<BANKED_CODE,XDATA_ROM_C_FLASH> 1 (was XDATA_ROM_C_FLASH)
  Relative segment, address: CODE 00008296 - 000082A0 (0xb bytes), align: 0
  Segment part 121.           Intra module refs:   Segment part 34
    -------------------------------------------------------------------------
<BANKED_CODE,XDATA_ROM_C_FLASH> 1 (was XDATA_ROM_C_FLASH)
  Relative segment, address: CODE 00008173 - 00008186 (0x14 bytes), align: 0
  Segment part 122.           Intra module refs:   Segment part 35
    -------------------------------------------------------------------------
<BANKED_CODE,XDATA_ROM_C_FLASH> 1 (was XDATA_ROM_C_FLASH)
  Relative segment, address: CODE 0000825A - 00008265 (0xc bytes), align: 0
  Segment part 123.           Intra module refs:   Segment part 36
    -------------------------------------------------------------------------
<BANKED_CODE,XDATA_ROM_C_FLASH> 1 (was XDATA_ROM_C_FLASH)
  Relative segment, address: CODE 00008272 - 0000827D (0xc bytes), align: 0
  Segment part 124.           Intra module refs:   Segment part 37
    -------------------------------------------------------------------------
<BANKED_CODE,XDATA_ROM_C_FLASH> 1 (was XDATA_ROM_C_FLASH)
  Relative segment, address: CODE 000081E2 - 000081F1 (0x10 bytes), align: 0
  Segment part 125.           Intra module refs:   Segment part 38
    -------------------------------------------------------------------------
<BANKED_CODE,XDATA_ROM_C_FLASH> 1 (was XDATA_ROM_C_FLASH)
  Relative segment, address: CODE 000082AC - 000082B6 (0xb bytes), align: 0
  Segment part 126.           Intra module refs:   Segment part 39
    -------------------------------------------------------------------------
<BANKED_CODE,XDATA_ROM_C_FLASH> 1 (was XDATA_ROM_C_FLASH)
  Relative segment, address: CODE 00008242 - 0000824D (0xc bytes), align: 0
  Segment part 127.           Intra module refs:   Segment part 40
    -------------------------------------------------------------------------
<BANKED_CODE,XDATA_ROM_C_FLASH> 1 (was XDATA_ROM_C_FLASH)
  Relative segment, address: CODE 00008200 - 0000820D (0xe bytes), align: 0
  Segment part 128.           Intra module refs:   Segment part 41
    -------------------------------------------------------------------------
<BANKED_CODE,XDATA_ROM_C_FLASH> 1 (was XDATA_ROM_C_FLASH)
  Relative segment, address: CODE 000082F5 - 000082F8 (0x4 bytes), align: 0
  Segment part 129.           Intra module refs:   __Constant_e2e
    -------------------------------------------------------------------------
<BANKED_CODE,XDATA_ROM_C_FLASH> 1 (was XDATA_ROM_C_FLASH)
  Relative segment, address: CODE 000082F9 - 000082FC (0x4 bytes), align: 0
  Segment part 130.           Intra module refs:   __Constant_80000000
    -------------------------------------------------------------------------
<BANKED_CODE,XDATA_ROM_C_FLASH> 1 (was XDATA_ROM_C_FLASH)
  Relative segment, address: CODE 000082FD - 00008300 (0x4 bytes), align: 0
  Segment part 131.           Intra module refs:   __Constant_50000
    -------------------------------------------------------------------------
<BANKED_CODE,XDATA_ROM_C_FLASH> 1 (was XDATA_ROM_C_FLASH)
  Relative segment, address: CODE 00008301 - 00008304 (0x4 bytes), align: 0
  Segment part 132.           Intra module refs:   __Constant_18000
    -------------------------------------------------------------------------
<BANKED_CODE,XDATA_ROM_C_FLASH> 1 (was XDATA_ROM_C_FLASH)
  Relative segment, address: CODE 00008305 - 00008308 (0x4 bytes), align: 0
  Segment part 133.           Intra module refs:   __Constant_f0000
    -------------------------------------------------------------------------
<BANKED_CODE,XDATA_ROM_C_FLASH> 1 (was XDATA_ROM_C_FLASH)
  Relative segment, address: CODE 00008309 - 0000830C (0x4 bytes), align: 0
  Segment part 134.           Intra module refs:   __Constant_10000
    -------------------------------------------------------------------------
<BANKED_CODE,XDATA_ROM_C_FLASH> 1 (was XDATA_ROM_C_FLASH)
  Relative segment, address: CODE 0000830D - 00008310 (0x4 bytes), align: 0
  Segment part 135.           Intra module refs:   __Constant_8000

    *************************************************************************

  FILE NAME : D:\ZbNode\Proj\ZbNode\ide\Release\Obj\BosMem.r51
  PROGRAM MODULE, NAME : BosMem

  SEGMENTS IN THE MODULE
  ======================
SFR_AN
  Relative segment, address: DATA 000000A8 - 000000A8 (0x1 bytes), align: 0
  Segment part 1. ROOT.       Intra module refs:   BosEventSend (kernel)
                                                   BosMalloc
                                                   BosScheduler (kernel)
                                                   EnableInterrupts (hal_mcu)
                                                   HalFlashRead (hal_flash)
                                                   ST_ISR (hal_time)
                                                   SleepTimeCompSet (hal_time)
                                                   SysTimerDisable (sysTimer)
                                                   SysTimerStart (sysTimer)
                                                   SysTimerStop (sysTimer)
                                                   SysTimerTask (sysTimer)
                                                   TickGet (hal_time)
                                                   _BosFree
                                                   halRfDisableRxInterrupt (hal_rf)
                                                   halRfEnableRxInterrupt (hal_rf)
                                                   halRfInit (hal_rf)
                                                   halRfRxInterruptConfig (hal_rf)
                                                   halUartInit (hal_uart)
                                                   halUartRecv (hal_uart)
                                                   nvramInit (nvram)
                                                   rfErrIsr (hal_rf)
                                                   rfIsr (hal_rf)
                                                   sMacTask (sMac)
           ENTRY                   ADDRESS         REF BY
           =====                   =======         ======
           _A_IEN0                 000000A8 
           LOCAL                   ADDRESS         
           =====                   =======         
           IEN0                    000000A8 
    -------------------------------------------------------------------------
XDATA_Z
  Relative segment, address: XDATA 00000395 - 00000396 (0x2 bytes), align: 0
  Segment part 7.             Intra module refs:   ?Subroutine0
                                                   HeapInit
           LOCAL                   ADDRESS         
           =====                   =======         
           HeapBase                00000395 
    -------------------------------------------------------------------------
XDATA_Z
  Relative segment, address: XDATA 00000397 - 00000398 (0x2 bytes), align: 0
  Segment part 8.             Intra module refs:   ?Subroutine0
                                                   HeapInit
           LOCAL                   ADDRESS         
           =====                   =======         
[...]
    -------------------------------------------------------------------------
XDATA_I
  Relative segment, address: XDATA 000016F8 - 000016FB (0x4 bytes), align: 0
  Segment part 12.            Intra module refs:   _large_write
    -------------------------------------------------------------------------
XDATA_I
  Relative segment, address: XDATA 000016FC - 000016FF (0x4 bytes), align: 0
  Segment part 14.            Intra module refs:   float_conversion
           ENTRY                   ADDRESS         REF BY
           =====                   =======         ======
           __Constant_7f800000     000016FC 
    -------------------------------------------------------------------------
XDATA_I
  Relative segment, address: XDATA 00001700 - 00001703 (0x4 bytes), align: 0
  Segment part 16.            Intra module refs:   float_conversion
           ENTRY                   ADDRESS         REF BY
           =====                   =======         ======
           __Constant_3f800000     00001700 
    -------------------------------------------------------------------------
XDATA_I
  Relative segment, address: XDATA 00001704 - 00001707 (0x4 bytes), align: 0
  Segment part 20.            Intra module refs:   float_conversion
           ENTRY                   ADDRESS         REF BY
           =====                   =======         ======
           __Constant_501502f9     00001704 
    -------------------------------------------------------------------------
XDATA_I
  Relative segment, address: XDATA 00001708 - 0000170B (0x4 bytes), align: 0
  Segment part 22.            Intra module refs:   float_conversion
           ENTRY                   ADDRESS         REF BY
           =====                   =======         ======
           __Constant_51ba43b7     00001708 
    -------------------------------------------------------------------------
XDATA_I
  Relative segment, address: XDATA 0000170C - 0000170F (0x4 bytes), align: 0
  Segment part 24.            Intra module refs:   float_conversion
           ENTRY                   ADDRESS         REF BY
           =====                   =======         ======
           __Constant_41200000     0000170C 
    -------------------------------------------------------------------------
XDATA_I
  Relative segment, address: XDATA 00001710 - 00001713 (0x4 bytes), align: 0
  Segment part 26.            Intra module refs:   float_conversion
           ENTRY                   ADDRESS         REF BY
           =====                   =======         ======
           __Constant_2edbe700     00001710 
    -------------------------------------------------------------------------
XDATA_I
  Relative segment, address: XDATA 00001714 - 00001717 (0x4 bytes), align: 0
  Segment part 28.            Intra module refs:   float_conversion
           ENTRY                   ADDRESS         REF BY
           =====                   =======         ======
           __Constant_40a00000     00001714 

    -------------------------------------------------------------------------
  LIBRARY MODULE, NAME : ?memcmp

  SEGMENTS IN THE MODULE
  ======================
<BANKED_CODE,BANK_RELAYS..> 1 (was BANKED_CODE)
  Relative segment, address: CODE 00007F6F - 00007FC0 (0x52 bytes), align: 0
  Segment part 6.             Intra module refs:   memcmp::?relay
           ENTRY                   ADDRESS         REF BY
           =====                   =======         ======
           memcmp                  00007F6F 
               XSTACK = 00000002 ( 0000000C )
    -------------------------------------------------------------------------
<BANKED_CODE,BANK_RELAYS..> 1 (was BANK_RELAYS)
  Relative segment, address: CODE 0000315B - 00003160 (0x6 bytes), align: 0
  Segment part 7.
           ENTRY                   ADDRESS         REF BY
           =====                   =======         ======
           memcmp::?relay          0000315B        PhyDataIndication (sMac)

    -------------------------------------------------------------------------
  LIBRARY MODULE, NAME : ?memcpy

  SEGMENTS IN THE MODULE
  ======================
<BANKED_CODE,XDATA_ROM_C_FLASH> 1 (was BANKED_CODE)
  Relative segment, address: CODE 0000A50B - 0000A550 (0x46 bytes), align: 0
  Segment part 6.             Intra module refs:   memcpy::?relay
           ENTRY                   ADDRESS         REF BY
           =====                   =======         ======
           memcpy                  0000A50B 
               XSTACK = 00000002 ( 0000000A )
               ISTACK = 00000000 ( 00000001 )
    -------------------------------------------------------------------------
<BANKED_CODE,BANK_RELAYS..> 1 (was BANK_RELAYS)
  Relative segment, address: CODE 00003161 - 00003166 (0x6 bytes), align: 0
  Segment part 7.
           ENTRY                   ADDRESS         REF BY
           =====                   =======         ======
           memcpy::?relay          00003161        AppTask (Application)
                                                   BC95InitAT (BC95)
                                                   BC95IoTHeaderAdd (BC95)
                                                   BC95PollingAT (BC95)
                                                   PhySend (sMac)
                                                   atcmd_resp_search (netMngr)
                                                   attributeGet (attribute)
                                                   sMacTask (sMac)

    -------------------------------------------------------------------------
  LIBRARY MODULE, NAME : ?memset

  SEGMENTS IN THE MODULE
  ======================
<BANKED_CODE,XDATA_ROM_C_FLASH> 1 (was BANKED_CODE)
  Relative segment, address: CODE 0000A551 - 0000A57C (0x2c bytes), align: 0
  Segment part 6.             Intra module refs:   memset::?relay
           ENTRY                   ADDRESS         REF BY
           =====                   =======         ======
           memset                  0000A551 
               XSTACK = 00000002 ( 00000000 )
               ISTACK = 00000000 ( 00000002 )
    -------------------------------------------------------------------------
<BANKED_CODE,BANK_RELAYS..> 1 (was BANK_RELAYS)
  Relative segment, address: CODE 00003167 - 0000316C (0x6 bytes), align: 0
  Segment part 7.
           ENTRY                   ADDRESS         REF BY
           =====                   =======         ======
           memset::?relay          00003167        AppTask (Application)
                                                   BC95PollingAT (BC95)
                                                   BC95RxIndicationSearch (BC95)
                                                   atCmdStart (netMngr)
                                                   atcmd_resp_search (netMngr)
                                                   netSend (netMngr)
                                                   nvramInit (nvram)
                                                   sMacInit (sMac)
                                                   sNwkInit (sNwk)

    -------------------------------------------------------------------------
  LIBRARY MODULE, NAME : ?sprintf

  SEGMENTS IN THE MODULE
  ======================
<BANKED_CODE,XDATA_ROM_C_FLASH> 1 (was BANKED_CODE)
  Relative segment, address: CODE 0000A475 - 0000A49E (0x2a bytes), align: 0
  Segment part 6.             Intra module refs:   put_c_in_string::?relay
           LOCAL                   ADDRESS         
           =====                   =======         
           put_c_in_string         0000A475 
               is indirectly called
               ISTACK = 00000000 ( 00000003 )
    -------------------------------------------------------------------------
<BANKED_CODE,XDATA_ROM_C_FLASH> 1 (was BANKED_CODE)
  Relative segment, address: CODE 0000A49F - 0000A501 (0x63 bytes), align: 0
  Segment part 8.             Intra module refs:   sprintf::?relay
           ENTRY                   ADDRESS         REF BY
           =====                   =======         ======
           sprintf                 0000A49F 
               calls direct
               XSTACK = 00000000 ( 00000012 )
    -------------------------------------------------------------------------
<BANKED_CODE,XDATA_ROM_C_FLASH> 1 (was BANKED_CODE)
  Relative segment, address: CODE 0000A502 - 0000A50A (0x9 bytes), align: 0
  Segment part 10.            Intra module refs:   put_c_in_string
                                                   sprintf
    -------------------------------------------------------------------------
<BANKED_CODE,BANK_RELAYS..> 1 (was BANK_RELAYS)
  Relative segment, address: CODE 0000316D - 00003172 (0x6 bytes), align: 0
  Segment part 7.             Intra module refs:   sprintf
           LOCAL                   ADDRESS         
           =====                   =======         
           put_c_in_string::?relay
                                   0000316D 
    -------------------------------------------------------------------------
<BANKED_CODE,BANK_RELAYS..> 1 (was BANK_RELAYS)
  Relative segment, address: CODE 00003173 - 00003178 (0x6 bytes), align: 0
  Segment part 9.
           ENTRY                   ADDRESS         REF BY
           =====                   =======         ======
           sprintf::?relay         00003173        BC95PollingAT (BC95)

    -------------------------------------------------------------------------
  LIBRARY MODULE, NAME : ?strcpy

  SEGMENTS IN THE MODULE
  ======================
<BANKED_CODE,XDATA_ROM_C_FLASH> 1 (was BANKED_CODE)
  Relative segment, address: CODE 0000A5A6 - 0000A5CD (0x28 bytes), align: 0
  Segment part 6.             Intra module refs:   strcpy::?relay
           ENTRY                   ADDRESS         REF BY
           =====                   =======         ======
           strcpy                  0000A5A6 
               XSTACK = 00000000 ( 00000009 )
               ISTACK = 00000000 ( 00000001 )
    -------------------------------------------------------------------------
<BANKED_CODE,BANK_RELAYS..> 1 (was BANK_RELAYS)
  Relative segment, address: CODE 00003179 - 0000317E (0x6 bytes), align: 0
  Segment part 7.
           ENTRY                   ADDRESS         REF BY
           =====                   =======         ======
           strcpy::?relay          00003179        atCmdStart (netMngr)

    -------------------------------------------------------------------------
  LIBRARY MODULE, NAME : ?strlen

  SEGMENTS IN THE MODULE
  ======================
<BANKED_CODE,XDATA_ROM_C_FLASH> 1 (was BANKED_CODE)
  Relative segment, address: CODE 0000A5CE - 0000A5EB (0x1e bytes), align: 0
  Segment part 6.             Intra module refs:   strlen::?relay
           ENTRY                   ADDRESS         REF BY
           =====                   =======         ======
           strlen                  0000A5CE 
               ISTACK = 00000000 ( 00000002 )
    -------------------------------------------------------------------------
<BANKED_CODE,BANK_RELAYS..> 1 (was BANK_RELAYS)
  Relative segment, address: CODE 0000317F - 00003184 (0x6 bytes), align: 0
  Segment part 7.
           ENTRY                   ADDRESS         REF BY
           =====                   =======         ======
           strlen::?relay          0000317F        BC95PollingAT (BC95)
                                                   atCmdStart (netMngr)
                                                   atcmd_resp_search (netMngr)

    *************************************************************************

  DEFINED ABSOLUTE ENTRIES
  PROGRAM MODULE, NAME : ?FILLER_BYTES

  SEGMENTS IN THE MODULE
  ======================
INTVEC
  Common segment, address: CODE 00002000 - 00002085 (0x86 bytes), align: 0
  Segment part 9.
    -------------------------------------------------------------------------
?FILL9
  Relative segment, address: CODE 00038000 - 0003C7FF (0x4800 bytes), align: 0
  Segment part 8.
    -------------------------------------------------------------------------
?FILL8
  Relative segment, address: CODE 00030000 - 00037FFF (0x8000 bytes), align: 0
  Segment part 7.
    -------------------------------------------------------------------------
?FILL7
  Relative segment, address: CODE 00028000 - 0002FFFF (0x8000 bytes), align: 0
  Segment part 6.
    -------------------------------------------------------------------------
?FILL6
  Relative segment, address: CODE 00020000 - 00027FFF (0x8000 bytes), align: 0
  Segment part 5.
    -------------------------------------------------------------------------
?FILL5
  Relative segment, address: CODE 00018000 - 0001FFFF (0x8000 bytes), align: 0
  Segment part 4.
    -------------------------------------------------------------------------
?FILL4
  Relative segment, address: CODE 00010000 - 00017FFF (0x8000 bytes), align: 0
  Segment part 3.
    -------------------------------------------------------------------------
?FILL3
  Relative segment, address: CODE 0000A615 - 0000FFFF (0x59eb bytes), align: 0
  Segment part 2.
    -------------------------------------------------------------------------
?FILL2
  Relative segment, address: CODE 00007FF8 - 00007FFF (0x8 bytes), align: 0
  Segment part 1.
    -------------------------------------------------------------------------
?FILL1
  Relative segment, address: CODE 00002086 - 0000208F (0xa bytes), align: 0
  Segment part 0.

    *************************************************************************

  DEFINED ABSOLUTE ENTRIES
  PROGRAM MODULE, NAME : ?CHECKSUM

  SEGMENTS IN THE MODULE
  ======================
CHECKSUM
  Relative segment, address: CODE 00002090 - 00002091 (0x2 bytes), align: 0
  Segment part 1. ROOT.
           ENTRY                   ADDRESS         REF BY
           =====                   =======         ======
           __checksum              00002090 




                ****************************************
                *                                      *
                *      SEGMENTS IN ADDRESS ORDER       *
                *                                      *
                ****************************************


SEGMENT              SPACE    START ADDRESS   END ADDRESS     SIZE  TYPE  ALIGN
=======              =====    =============   ===========     ====  ====  =====
INTVEC               CODE          00002000 - 00002085          86   com    0
IXDATA_ID            CODE               00002086                     dse    0
IDATA_ID             CODE               00002086                     dse    0
DATA_ID              CODE               00002086                     dse    0
BDATA_ID             CODE               00002086                     dse    0
PDATA_Z              CODE               00002086                     dse    0
PDATA_ID             CODE               00002086                     dse    0
BIT_ID               CODE               00002086                     dse    0
?FILL1               CODE          00002086 - 0000208F           A   rel    0
CHECKSUM             CODE          00002090 - 00002091           2   rel    0
XDATA_ID             CODE          00002092 - 000020E3          52   rel    0
<BANKED_CODE,BANK_RELAYS..> 1
                     CODE          000020E4 - 00007FF7        5F14   rel    0
?FILL2               CODE          00007FF8 - 00007FFF           8   rel    0
<BANKED_CODE,XDATA_ROM_C_FLASH> 1
                     CODE          00008000 - 0000A614        2615   rel    0
?FILL3               CODE          0000A615 - 0000FFFF        59EB   rel    0
?FILL4               CODE          00010000 - 00017FFF        8000   rel    0
?FILL5               CODE          00018000 - 0001FFFF        8000   rel    0
?FILL6               CODE          00020000 - 00027FFF        8000   rel    0
?FILL7               CODE          00028000 - 0002FFFF        8000   rel    0
?FILL8               CODE          00030000 - 00037FFF        8000   rel    0
?FILL9               CODE          00038000 - 0003C7FF        4800   rel    0
REGISTERS            DATA          00000000 - 00000007           8   rel    0
VREG                 DATA          00000008 - 0000000F           8   rel    0
PSP                  DATA               00000010                     dse    0
XSP                  DATA          00000010 - 00000011           2   rel    0
BREG                 BIT        00000020.0  -  00000020.7        8   rel    0
SFR_AN               DATA          00000080 - 00000080           1   rel    0
                     DATA          00000086 - 00000086           1 
                     DATA          00000088 - 00000088           1 
                     DATA          0000008F - 00000091           3 
                     DATA          00000095 - 00000097           3 
                     DATA          0000009A - 0000009B           2 
                     DATA          0000009D - 0000009E           2 
                     DATA          000000A8 - 000000A9           2 
                     DATA          000000AD - 000000AD           1 
                     DATA          000000B4 - 000000B4           1 
                     DATA          000000B9 - 000000B9           1 
                     DATA          000000BC - 000000C1           6 
                     DATA          000000C6 - 000000C7           2 
                     DATA          000000C9 - 000000C9           1 
                     DATA          000000D1 - 000000D1           1 
                     DATA          000000D4 - 000000D6           3 
                     DATA          000000D9 - 000000DB           3 
                     DATA          000000DE - 000000DF           2 
                     DATA          000000E1 - 000000E1           1 
                     DATA          000000E4 - 000000E5           2 
                     DATA          000000E7 - 000000E7           1 
                     DATA          000000E9 - 000000E9           1 
                     DATA          000000F1 - 000000F1           1 
                     DATA          000000F3 - 000000F4           2 
                     DATA          000000F7 - 000000FE           8 
XSTACK               XDATA         00000001 - 00000300         300   rel    0
XDATA_Z              XDATA         00000301 - 000016C5        13C5   rel    0
XDATA_I              XDATA         000016C6 - 00001717          52   rel    0
<XDATA_ROM_C> 1      CONST         00008000 - 00008378         379   rel    0
ISTACK               IDATA         000000C0 - 000000FF          40   rel    0


                ****************************************
                *                                      *
                *              CHECKSUMS               *
                *                                      *
                ****************************************

Symbol      Checksum  Memory  Start      End       Initial value
------      --------  ------  -----      ---       -------------
__checksum    0x6ad3   CODE   00002000 - 0000208F  0x0000 (#0x0000)
                       CODE   00002094 - 00007FFF
                       CODE   00008000 - 0000FFFF
                       CODE   00010000 - 00017FFF
                       CODE   00018000 - 0001FFFF
                       CODE   00020000 - 00027FFF
                       CODE   00028000 - 0002FFFF
                       CODE   00030000 - 00037FFF
                       CODE   00038000 - 0003C7FF

                ****************************************
                *                                      *
                *        END OF CROSS REFERENCE        *
                *                                      *
                ****************************************

 34 307 bytes of CODE  memory (+             205 309 range fill )
     18 bytes of DATA  memory (+ 52 absolute )
  5 911 bytes of XDATA memory
     64 bytes of IDATA memory
      8 bits  of BIT   memory
    889 bytes of CONST memory

Errors: none
Warnings: none

